// Jest Snapshot v1, https://goo.gl/fbAQLP

exports[`ArtistQuestionScreen successfully rendered 1`] = `
<section
  className="game game--artist"
>
  <header
    className="game__header"
  >
    <a
      className="game__back"
      href="#"
    >
      <span
        className="visually-hidden"
      >
        Сыграть ещё раз
      </span>
      <img
        alt="Угадай мелодию"
        className="game__logo"
        src="img/melody-logo-ginger.png"
      />
    </a>
    <svg
      className="timer"
      viewBox="0 0 780 780"
      xmlns="http://www.w3.org/2000/svg"
    >
      <circle
        className="timer__line"
        cx="390"
        cy="390"
        r="370"
        style={
          Object {
            "filter": "url(#blur)",
            "transform": "rotate(-90deg) scaleY(-1)",
            "transformOrigin": "center",
          }
        }
      />
    </svg>
    <div
      className="game__mistakes"
    >
      <div
        className="wrong"
      />
      <div
        className="wrong"
      />
      <div
        className="wrong"
      />
    </div>
  </header>
  <section
    className="game__screen"
  >
    <h2
      className="game__title"
    >
      Кто исполняет эту песню?
    </h2>
    <div
      className="game__track"
    >
      <div
        className="track"
      />
    </div>
    <form
      className="game__artist"
    >
      <div
        className="artist"
      >
        <input
          className="artist__input visually-hidden"
          data-test="test-answer-button"
          id="artist-0"
          name="answer"
          onChange={[Function]}
          type="radio"
          value="John Daniels"
        />
        <label
          className="artist__name"
          htmlFor="artist-0"
        >
          <img
            alt="Пелагея"
            className="artist__picture"
            src="https://api.adorable.io/avatars/128/0.6750575244607682"
          />
          John Daniels
        </label>
      </div>
      <div
        className="artist"
      >
        <input
          className="artist__input visually-hidden"
          data-test="test-answer-button"
          id="artist-1"
          name="answer"
          onChange={[Function]}
          type="radio"
          value="Jack Beam"
        />
        <label
          className="artist__name"
          htmlFor="artist-1"
        >
          <img
            alt="Пелагея"
            className="artist__picture"
            src="https://api.adorable.io/avatars/128/0.4076094808626085"
          />
          Jack Beam
        </label>
      </div>
      <div
        className="artist"
      >
        <input
          className="artist__input visually-hidden"
          data-test="test-answer-button"
          id="artist-2"
          name="answer"
          onChange={[Function]}
          type="radio"
          value="Jim Snow"
        />
        <label
          className="artist__name"
          htmlFor="artist-2"
        >
          <img
            alt="Пелагея"
            className="artist__picture"
            src="https://api.adorable.io/avatars/128/0.6972088175637985"
          />
          Jim Snow
        </label>
      </div>
    </form>
  </section>
</section>
`;
